# Printing of the source term Puissance_Thermique_VEF_P1NC of the equation Conduction of the problem pb1
# Heat power release = Integral(P*dv) [W]
# Time 
7.141e-02 	 	5.100e+02
7.145e-01 	 	5.100e+02
7.145e-01 	 	5.100e+02
1.428e-01 	 	5.100e+02
2.142e-01 	 	5.100e+02
2.856e-01 	 	5.100e+02
3.571e-01 	 	5.100e+02
4.285e-01 	 	5.100e+02
5.000e-01 	 	5.100e+02
5.715e-01 	 	5.100e+02
6.430e-01 	 	5.100e+02
7.145e-01 	 	5.100e+02
