-------------------------------------------------------------------
 
                          TRUST
                      version : 1.7.6 
                          CEA - DEN
 

 0 file(s) modified 


 405 file(s) created 

 ------------------------------------------------------------------
 
  Vous traitez le cas DEC_VDF_FT
 
Reading data file 

14 MBytes of RAM taken by the calculation.
15 MBytes of RAM taken by the calculation.
16 MBytes of RAM taken by the calculation.
16 MBytes of RAM taken by the calculation.
 Runtime parameters:
   Objective type: METIS_OBJTYPE_CUT
   Coarsening type: METIS_CTYPE_SHEM
   Initial partitioning type: METIS_IPTYPE_GROW
   Refinement type: METIS_RTYPE_FM
   Perform a 2-hop matching: No
   Number of balancing constraints: 1
   Number of refinement iterations: 10
   Random number seed: -1
   Number of partitions: 32
   Number of cuts: 1
   User-supplied ufactor: 1
   Target partition weights: 
        0=[3.12e-02]   1=[3.12e-02]   2=[3.12e-02]   3=[3.12e-02]   4=[3.12e-02]
        5=[3.12e-02]   6=[3.12e-02]   7=[3.12e-02]   8=[3.12e-02]   9=[3.12e-02]
       10=[3.12e-02]  11=[3.12e-02]  12=[3.12e-02]  13=[3.12e-02]  14=[3.12e-02]
       15=[3.12e-02]  16=[3.12e-02]  17=[3.12e-02]  18=[3.12e-02]  19=[3.12e-02]
       20=[3.12e-02]  21=[3.12e-02]  22=[3.12e-02]  23=[3.12e-02]  24=[3.12e-02]
       25=[3.12e-02]  26=[3.12e-02]  27=[3.12e-02]  28=[3.12e-02]  29=[3.12e-02]
       30=[3.12e-02]  31=[3.12e-02]
   Allowed maximum load imbalance: 1.001 

     16000      92000      92000 [20] [     1200:   16000 ]
      8371      67350      76742 [20] [     1200:   16000 ]
      4383      43828      64964 [20] [     1200:   16000 ]
      2296      26120      55448 [20] [     1200:   16000 ]
      1194      14656      46956 [20] [     1200:   16000 ]
       622       7840      39796 [20] [     1200:   16000 ]
       322       4070      33642 [20] [     1200:   16000 ]
       165       2004      28164 [20] [     1200:   16000 ]
        84        964      23324 [20] [     1200:   16000 ]
        44        460      19158 [20] [     1200:   16000 ]
        23        194      15168 [20] [     1200:   16000 ]
        20        158      14698 [20] [     1200:   16000 ]
      8000      45600      45600 [20] [      600:    8000 ]
      4184      33326      37968 [20] [      600:    8000 ]
      2197      21752      32068 [20] [      600:    8000 ]
      1150      12934      27282 [20] [      600:    8000 ]
       600       7210      23056 [20] [      600:    8000 ]
       311       3824      19526 [20] [      600:    8000 ]
       162       1958      16338 [20] [      600:    8000 ]
        85        946      13664 [20] [      600:    8000 ]
        45        444      11294 [20] [      600:    8000 ]
        23        196       9196 [20] [      600:    8000 ]
        18        146       8818 [20] [      600:    8000 ]
      4000      22400      22400 [20] [      300:    4000 ]
      2093      16284      18586 [20] [      300:    4000 ]
      1107      10502      15690 [20] [      300:    4000 ]
       579       6176      13280 [20] [      300:    4000 ]
       304       3402      11216 [20] [      300:    4000 ]
       160       1820       9480 [20] [      300:    4000 ]
        82        894       7844 [20] [      300:    4000 ]
        44        428       6404 [20] [      300:    4000 ]
        23        194       5200 [20] [      300:    4000 ]
        19        154       4984 [20] [      300:    4000 ]
      2000      11000      11000 [20] [      150:    2000 ]
      1050       7984       9100 [20] [      150:    2000 ]
       554       5180       7658 [20] [      150:    2000 ]
       290       2982       6472 [20] [      150:    2000 ]
       152       1622       5380 [20] [      150:    2000 ]
        80        832       4492 [20] [      150:    2000 ]
        42        408       3788 [20] [      150:    2000 ]
        21        176       2998 [20] [      150:    2000 ]
        21        176       2998 [20] [      150:    2000 ]
      1000       5400       5400 [20] [       75:    1000 ]
       523       3886       4446 [20] [       75:    1000 ]
       270       2410       3710 [20] [       75:    1000 ]
       141       1362       3098 [20] [       75:    1000 ]
        73        742       2576 [20] [       75:    1000 ]
        38        362       2102 [20] [       75:    1000 ]
        20        164       1728 [20] [       75:    1000 ]
      1000       5400       5400 [20] [       75:    1000 ]
       520       3840       4440 [20] [       75:    1000 ]
       276       2468       3718 [20] [       75:    1000 ]
       145       1438       3104 [20] [       75:    1000 ]
        75        766       2572 [20] [       75:    1000 ]
        39        388       2128 [20] [       75:    1000 ]
        20        172       1750 [20] [       75:    1000 ]
      2000      11000      11000 [20] [      150:    2000 ]
      1048       7998       9096 [20] [      150:    2000 ]
       550       5138       7642 [20] [      150:    2000 ]
       287       2956       6420 [20] [      150:    2000 ]
       149       1554       5344 [20] [      150:    2000 ]
        80        826       4444 [20] [      150:    2000 ]
        43        410       3614 [20] [      150:    2000 ]
        23        184       2972 [20] [      150:    2000 ]
        18        136       2786 [20] [      150:    2000 ]
      1000       5400       5400 [20] [       75:    1000 ]
       521       3842       4442 [20] [       75:    1000 ]
       272       2420       3686 [20] [       75:    1000 ]
       141       1350       3110 [20] [       75:    1000 ]
        73        720       2552 [20] [       75:    1000 ]
        38        346       2086 [20] [       75:    1000 ]
        20        158       1706 [20] [       75:    1000 ]
      1000       5400       5400 [20] [       75:    1000 ]
       519       3834       4438 [20] [       75:    1000 ]
       273       2406       3692 [20] [       75:    1000 ]
       143       1382       3108 [20] [       75:    1000 ]
        76        742       2598 [20] [       75:    1000 ]
        41        384       2172 [20] [       75:    1000 ]
        22        190       1780 [20] [       75:    1000 ]
        19        168       1732 [20] [       75:    1000 ]
      4000      22400      22400 [20] [      300:    4000 ]
      2092      16322      18584 [20] [      300:    4000 ]
      1105      10606      15660 [20] [      300:    4000 ]
       576       6192      13290 [20] [      300:    4000 ]
       302       3352      11206 [20] [      300:    4000 ]
       159       1798       9408 [20] [      300:    4000 ]
        83        884       7850 [20] [      300:    4000 ]
        42        416       6472 [20] [      300:    4000 ]
        21        176       5118 [20] [      300:    4000 ]
        21        176       5118 [20] [      300:    4000 ]
      2000      10970      10970 [20] [      150:    2000 ]
      1044       7892       9058 [20] [      150:    2000 ]
       549       5086       7588 [20] [      150:    2000 ]
       290       2954       6400 [20] [      150:    2000 ]
       149       1590       5406 [20] [      150:    2000 ]
        77        790       4454 [20] [      150:    2000 ]
        41        398       3588 [20] [      150:    2000 ]
        21        166       2840 [20] [      150:    2000 ]
        19        148       2782 [20] [      150:    2000 ]
      1001       5360       5360 [20] [       75:    1001 ]
       522       3860       4402 [20] [       75:    1001 ]
       274       2422       3668 [20] [       75:    1001 ]
       145       1358       3068 [20] [       75:    1001 ]
        75        724       2566 [20] [       75:    1001 ]
        38        366       2080 [20] [       75:    1001 ]
        19        152       1664 [20] [       75:    1001 ]
       999       5378       5378 [20] [       74:     999 ]
       523       3876       4426 [20] [       74:     999 ]
       277       2464       3728 [20] [       74:     999 ]
       146       1396       3120 [20] [       74:     999 ]
        77        742       2594 [20] [       74:     999 ]
        41        370       2148 [20] [       74:     999 ]
        22        190       1740 [20] [       74:     999 ]
        18        150       1702 [20] [       74:     999 ]
      2000      10962      10962 [20] [      150:    2000 ]
      1063       8026       9088 [20] [      150:    2000 ]
       561       5112       7620 [20] [      150:    2000 ]
       296       2976       6420 [20] [      150:    2000 ]
       155       1610       5348 [20] [      150:    2000 ]
        82        826       4464 [20] [      150:    2000 ]
        43        408       3688 [20] [      150:    2000 ]
        23        182       2970 [20] [      150:    2000 ]
        18        142       2790 [20] [      150:    2000 ]
      1000       5388       5388 [20] [       75:    1000 ]
       520       3856       4428 [20] [       75:    1000 ]
       276       2390       3720 [20] [       75:    1000 ]
       145       1362       3096 [20] [       75:    1000 ]
        78        744       2590 [20] [       75:    1000 ]
        41        382       2122 [20] [       75:    1000 ]
        22        188       1698 [20] [       75:    1000 ]
        19        160       1660 [20] [       75:    1000 ]
      1000       5380       5380 [20] [       75:    1000 ]
       526       3898       4432 [20] [       75:    1000 ]
       279       2506       3714 [20] [       75:    1000 ]
       146       1452       3130 [20] [       75:    1000 ]
        77        784       2578 [20] [       75:    1000 ]
        40        378       2088 [20] [       75:    1000 ]
        21        170       1738 [20] [       75:    1000 ]
        18        148       1702 [20] [       75:    1000 ]
      8000      45600      45600 [20] [      600:    8000 ]
      4185      33358      37970 [20] [      600:    8000 ]
      2189      21816      32040 [20] [      600:    8000 ]
      1143      12920      27306 [20] [      600:    8000 ]
       592       7098      23134 [20] [      600:    8000 ]
       310       3796      19580 [20] [      600:    8000 ]
       163       1962      16536 [20] [      600:    8000 ]
        85        952      13712 [20] [      600:    8000 ]
        43        458      11370 [20] [      600:    8000 ]
        22        202       9128 [20] [      600:    8000 ]
        21        194       9024 [20] [      600:    8000 ]
      4000      22356      22356 [20] [      300:    4000 ]
      2104      16418      18564 [20] [      300:    4000 ]
      1104      10676      15686 [20] [      300:    4000 ]
       579       6322      13312 [20] [      300:    4000 ]
       303       3472      11184 [20] [      300:    4000 ]
       157       1804       9376 [20] [      300:    4000 ]
        82        906       7788 [20] [      300:    4000 ]
        42        416       6374 [20] [      300:    4000 ]
        22        186       5190 [20] [      300:    4000 ]
        20        164       5156 [20] [      300:    4000 ]
      2000      10932      10932 [20] [      150:    2000 ]
      1049       7940       9030 [20] [      150:    2000 ]
       553       5030       7568 [20] [      150:    2000 ]
       290       2938       6382 [20] [      150:    2000 ]
       153       1588       5298 [20] [      150:    2000 ]
        78        784       4420 [20] [      150:    2000 ]
        41        374       3628 [20] [      150:    2000 ]
        21        168       2862 [20] [      150:    2000 ]
        19        148       2830 [20] [      150:    2000 ]
      1000       5338       5338 [20] [       75:    1000 ]
       524       3824       4386 [20] [       75:    1000 ]
       282       2454       3682 [20] [       75:    1000 ]
       148       1410       3080 [20] [       75:    1000 ]
        76        740       2568 [20] [       75:    1000 ]
        40        362       2090 [20] [       75:    1000 ]
        21        168       1660 [20] [       75:    1000 ]
        19        150       1640 [20] [       75:    1000 ]
      1000       5348       5348 [20] [       75:    1000 ]
       517       3780       4382 [20] [       75:    1000 ]
       273       2398       3618 [20] [       75:    1000 ]
       144       1346       3030 [20] [       75:    1000 ]
        76        718       2514 [20] [       75:    1000 ]
        40        366       2064 [20] [       75:    1000 ]
        21        172       1672 [20] [       75:    1000 ]
        18        146       1618 [20] [       75:    1000 ]
      2000      10966      10966 [20] [      150:    2000 ]
      1044       7946       9054 [20] [      150:    2000 ]
       552       5136       7636 [20] [      150:    2000 ]
       287       2948       6430 [20] [      150:    2000 ]
       150       1576       5388 [20] [      150:    2000 ]
        76        790       4490 [20] [      150:    2000 ]
        40        390       3626 [20] [      150:    2000 ]
        20        168       2854 [20] [      150:    2000 ]
      1000       5374       5374 [20] [       75:    1000 ]
       525       3848       4424 [20] [       75:    1000 ]
       276       2440       3704 [20] [       75:    1000 ]
       147       1396       3114 [20] [       75:    1000 ]
        76        740       2560 [20] [       75:    1000 ]
        40        366       2122 [20] [       75:    1000 ]
        21        166       1680 [20] [       75:    1000 ]
        19        152       1650 [20] [       75:    1000 ]
      1000       5376       5376 [20] [       75:    1000 ]
       529       3920       4434 [20] [       75:    1000 ]
       278       2452       3722 [20] [       75:    1000 ]
       147       1406       3114 [20] [       75:    1000 ]
        79        772       2576 [20] [       75:    1000 ]
        40        374       2094 [20] [       75:    1000 ]
        21        178       1690 [20] [       75:    1000 ]
        19        160       1664 [20] [       75:    1000 ]
      4000      22358      22358 [20] [      300:    4000 ]
      2083      16242      18524 [20] [      300:    4000 ]
      1099      10492      15590 [20] [      300:    4000 ]
       572       6044      13246 [20] [      300:    4000 ]
       298       3366      11152 [20] [      300:    4000 ]
       154       1736       9312 [20] [      300:    4000 ]
        81        858       7764 [20] [      300:    4000 ]
        43        420       6500 [20] [      300:    4000 ]
        23        194       5128 [20] [      300:    4000 ]
        20        166       5004 [20] [      300:    4000 ]
      2000      10928      10928 [20] [      150:    2000 ]
      1042       7862       9012 [20] [      150:    2000 ]
       546       5036       7562 [20] [      150:    2000 ]
       287       2906       6366 [20] [      150:    2000 ]
       151       1576       5328 [20] [      150:    2000 ]
        80        828       4440 [20] [      150:    2000 ]
        43        424       3590 [20] [      150:    2000 ]
        24        190       2910 [20] [      150:    2000 ]
        18        140       2732 [20] [      150:    2000 ]
      1000       5362       5362 [20] [       75:    1000 ]
       520       3908       4402 [20] [       75:    1000 ]
       271       2432       3696 [20] [       75:    1000 ]
       142       1400       3114 [20] [       75:    1000 ]
        75        748       2596 [20] [       75:    1000 ]
        40        384       2136 [20] [       75:    1000 ]
        21        168       1672 [20] [       75:    1000 ]
        19        152       1658 [20] [       75:    1000 ]
      1000       5338       5338 [20] [       75:    1000 ]
       522       3854       4382 [20] [       75:    1000 ]
       278       2410       3664 [20] [       75:    1000 ]
       144       1356       3046 [20] [       75:    1000 ]
        75        708       2498 [20] [       75:    1000 ]
        39        344       2004 [20] [       75:    1000 ]
        21        160       1614 [20] [       75:    1000 ]
        18        142       1584 [20] [       75:    1000 ]
      2000      10954      10954 [20] [      150:    2000 ]
      1044       7930       9042 [20] [      150:    2000 ]
       550       5074       7584 [20] [      150:    2000 ]
       290       2972       6370 [20] [      150:    2000 ]
       151       1560       5334 [20] [      150:    2000 ]
        78        804       4382 [20] [      150:    2000 ]
        40        380       3526 [20] [      150:    2000 ]
        20        154       2774 [20] [      150:    2000 ]
      1000       5380       5380 [20] [       75:    1000 ]
       527       3806       4434 [20] [       75:    1000 ]
       281       2462       3704 [20] [       75:    1000 ]
       149       1430       3124 [20] [       75:    1000 ]
        79        772       2590 [20] [       75:    1000 ]
        42        380       2156 [20] [       75:    1000 ]
        23        190       1770 [20] [       75:    1000 ]
        19        154       1700 [20] [       75:    1000 ]
      1000       5348       5348 [20] [       75:    1000 ]
       522       3876       4392 [20] [       75:    1000 ]
       271       2416       3668 [20] [       75:    1000 ]
       142       1382       3074 [20] [       75:    1000 ]
        76        740       2508 [20] [       75:    1000 ]
        40        378       2108 [20] [       75:    1000 ]
        21        178       1720 [20] [       75:    1000 ]
        18        148       1672 [20] [       75:    1000 ]

Timing Information -------------------------------------------------
 Multilevel: 		   0.078
     Coarsening: 		   0.038
            Matching: 			   0.022
            Contract: 			   0.015
     Initial Partition: 	   0.005
     Uncoarsening: 		   0.029
          Refinement: 			   0.019
          Projection: 			   0.007
     Splitting: 		   0.004
********************************************************************

 gk_mcore statistics
           coresize:       193992         nmops:         2048  cmop:      0
        num_callocs:         2765   num_hallocs:            0
       size_callocs:      4662384  size_hallocs:            0
        cur_callocs:            0   cur_hallocs:            0
        max_callocs:       192016   max_hallocs:            0
 nbrpool statistics
        nbrpoolsize:            0   nbrpoolcpos:            0
    nbrpoolreallocs:            0

 Runtime parameters:
   Objective type: METIS_OBJTYPE_CUT
   Coarsening type: METIS_CTYPE_SHEM
   Initial partitioning type: METIS_IPTYPE_GROW
   Refinement type: METIS_RTYPE_FM
   Perform a 2-hop matching: No
   Number of balancing constraints: 1
   Number of refinement iterations: 10
   Random number seed: -1
   Number of partitions: 32
   Number of cuts: 1
   User-supplied ufactor: 1
   Target partition weights: 
        0=[3.12e-02]   1=[3.12e-02]   2=[3.12e-02]   3=[3.12e-02]   4=[3.12e-02]
        5=[3.12e-02]   6=[3.12e-02]   7=[3.12e-02]   8=[3.12e-02]   9=[3.12e-02]
       10=[3.12e-02]  11=[3.12e-02]  12=[3.12e-02]  13=[3.12e-02]  14=[3.12e-02]
       15=[3.12e-02]  16=[3.12e-02]  17=[3.12e-02]  18=[3.12e-02]  19=[3.12e-02]
       20=[3.12e-02]  21=[3.12e-02]  22=[3.12e-02]  23=[3.12e-02]  24=[3.12e-02]
       25=[3.12e-02]  26=[3.12e-02]  27=[3.12e-02]  28=[3.12e-02]  29=[3.12e-02]
       30=[3.12e-02]  31=[3.12e-02]
   Allowed maximum load imbalance: 1.001 

       800       3840       3840 [20] [       60:     800 ]
       420       2660       3080 [20] [       60:     800 ]
       220       1594       2488 [20] [       60:     800 ]
       116        830       2020 [20] [       60:     800 ]
        63        396       1612 [20] [       60:     800 ]
        33        174       1166 [20] [       60:     800 ]
        19         84        888 [20] [       60:     800 ]
       400       1876       1876 [20] [       30:     400 ]
       212       1294       1500 [20] [       30:     400 ]
       113        784       1212 [20] [       30:     400 ]
        61        410        968 [20] [       30:     400 ]
        32        190        728 [20] [       30:     400 ]
        18         84        554 [20] [       30:     400 ]
       200        916        916 [20] [       15:     200 ]
       105        622        726 [20] [       15:     200 ]
        55        344        580 [20] [       15:     200 ]
        29        172        448 [20] [       15:     200 ]
        19        104        382 [20] [       15:     200 ]
       100        432        432 [20] [        7:     100 ]
        52        290        336 [20] [        7:     100 ]
        29        162        270 [20] [        7:     100 ]
        20        106        232 [20] [        7:     100 ]
        50        202        202 [20] [        3:      50 ]
        26        128        154 [20] [        3:      50 ]
        24        120        150 [20] [        3:      50 ]
        50        206        206 [20] [        3:      50 ]
        26        130        158 [20] [        3:      50 ]
        24        120        154 [20] [        3:      50 ]
       100        432        432 [20] [        7:     100 ]
        53        304        338 [20] [        7:     100 ]
        28        160        272 [20] [        7:     100 ]
        22        122        256 [20] [        7:     100 ]
        22        122        256 [20] [        7:     100 ]
        50        198        198 [20] [        3:      50 ]
        25        118        148 [20] [        3:      50 ]
        25        118        148 [20] [        3:      50 ]
        50        202        202 [20] [        3:      50 ]
        27        136        156 [20] [        3:      50 ]
        23        116        148 [20] [        3:      50 ]
       200        912        912 [20] [       15:     200 ]
       108        626        728 [20] [       15:     200 ]
        57        372        574 [20] [       15:     200 ]
        30        184        464 [20] [       15:     200 ]
        17         98        360 [20] [       15:     200 ]
       100        440        440 [20] [        7:     100 ]
        53        296        346 [20] [        7:     100 ]
        28        158        274 [20] [        7:     100 ]
        20        108        238 [20] [        7:     100 ]
        50        210        210 [20] [        3:      50 ]
        27        146        164 [20] [        3:      50 ]
        23        130        156 [20] [        3:      50 ]
        50        206        206 [20] [        3:      50 ]
        26        138        158 [20] [        3:      50 ]
        24        130        154 [20] [        3:      50 ]
       100        432        432 [20] [        7:     100 ]
        51        274        334 [20] [        7:     100 ]
        27        140        254 [20] [        7:     100 ]
        22        110        232 [20] [        7:     100 ]
        22        110        232 [20] [        7:     100 ]
        50        202        202 [20] [        3:      50 ]
        28        144        158 [20] [        3:      50 ]
        22        116        146 [20] [        3:      50 ]
        22        116        146 [20] [        3:      50 ]
        50        206        206 [20] [        3:      50 ]
        27        140        160 [20] [        3:      50 ]
        23        124        152 [20] [        3:      50 ]
       400       1872       1872 [20] [       30:     400 ]
       209       1246       1490 [20] [       30:     400 ]
       110        734       1182 [20] [       30:     400 ]
        56        356        908 [20] [       30:     400 ]
        29        168        684 [20] [       30:     400 ]
        17         84        544 [20] [       30:     400 ]
       200        912        912 [20] [       15:     200 ]
       104        606        720 [20] [       15:     200 ]
        56        364        566 [20] [       15:     200 ]
        31        196        458 [20] [       15:     200 ]
        18         90        368 [20] [       15:     200 ]
       100        432        432 [20] [        7:     100 ]
        53        298        338 [20] [        7:     100 ]
        29        168        268 [20] [        7:     100 ]
        21        124        246 [20] [        7:     100 ]
        21        124        246 [20] [        7:     100 ]
        50        206        206 [20] [        3:      50 ]
        27        142        160 [20] [        3:      50 ]
        23        126        152 [20] [        3:      50 ]
        50        206        206 [20] [        3:      50 ]
        28        140        162 [20] [        3:      50 ]
        22        116        150 [20] [        3:      50 ]
        22        116        150 [20] [        3:      50 ]
       100        436        436 [20] [        7:     100 ]
        53        298        342 [20] [        7:     100 ]
        29        172        274 [20] [        7:     100 ]
        19        108        240 [20] [        7:     100 ]
        50        206        206 [20] [        3:      50 ]
        26        136        158 [20] [        3:      50 ]
        24        126        154 [20] [        3:      50 ]
        50        202        202 [20] [        3:      50 ]
        26        128        154 [20] [        3:      50 ]
        24        118        150 [20] [        3:      50 ]
       200        916        916 [20] [       15:     200 ]
       108        644        732 [20] [       15:     200 ]
        58        374        592 [20] [       15:     200 ]
        31        200        476 [20] [       15:     200 ]
        17         88        370 [20] [       15:     200 ]
       100        428        428 [20] [        7:     100 ]
        54        300        336 [20] [        7:     100 ]
        30        170        272 [20] [        7:     100 ]
        20        108        238 [20] [        7:     100 ]
        50        202        202 [20] [        3:      50 ]
        27        140        156 [20] [        3:      50 ]
        23        124        148 [20] [        3:      50 ]
        50        206        206 [20] [        3:      50 ]
        26        134        158 [20] [        3:      50 ]
        24        124        154 [20] [        3:      50 ]
       100        440        440 [20] [        7:     100 ]
        51        278        342 [20] [        7:     100 ]
        27        160        262 [20] [        7:     100 ]
        22        128        244 [20] [        7:     100 ]
        22        128        244 [20] [        7:     100 ]
        50        202        202 [20] [        3:      50 ]
        26        132        154 [20] [        3:      50 ]
        24        122        150 [20] [        3:      50 ]
        50        202        202 [20] [        3:      50 ]
        28        146        158 [20] [        3:      50 ]
        22        118        146 [20] [        3:      50 ]
        22        118        146 [20] [        3:      50 ]

Timing Information -------------------------------------------------
 Multilevel: 		   0.019
     Coarsening: 		   0.004
            Matching: 			   0.001
            Contract: 			   0.002
     Initial Partition: 	   0.007
     Uncoarsening: 		   0.007
          Refinement: 			   0.004
          Projection: 			   0.002
     Splitting: 		   0.000
********************************************************************

 gk_mcore statistics
           coresize:        11592         nmops:         2048  cmop:      0
        num_callocs:         1599   num_hallocs:            0
       size_callocs:       289008  size_hallocs:            0
        cur_callocs:            0   cur_hallocs:            0
        max_callocs:         9616   max_hallocs:            0
 nbrpool statistics
        nbrpoolsize:            0   nbrpoolcpos:            0
    nbrpoolreallocs:            0

18 MBytes of RAM taken by the calculation.

--------------------------------------------
clock: Total execution: 0.841377 s
