-------------------------------------------------------------------
 
                          TRUST
                      version : 1.7.6 
                          CEA - DEN
 

 0 file(s) modified 


 405 file(s) created 

 ------------------------------------------------------------------
 
  Vous traitez le cas DEC_VDF_FT
 
Reading data file 

14 MBytes of RAM taken by the calculation.
15 MBytes of RAM taken by the calculation.
16 MBytes of RAM taken by the calculation.
16 MBytes of RAM taken by the calculation.
 Runtime parameters:
   Objective type: METIS_OBJTYPE_CUT
   Coarsening type: METIS_CTYPE_SHEM
   Initial partitioning type: METIS_IPTYPE_GROW
   Refinement type: METIS_RTYPE_FM
   Perform a 2-hop matching: No
   Number of balancing constraints: 1
   Number of refinement iterations: 10
   Random number seed: -1
   Number of partitions: 8
   Number of cuts: 1
   User-supplied ufactor: 1
   Target partition weights: 
        0=[1.25e-01]   1=[1.25e-01]   2=[1.25e-01]   3=[1.25e-01]   4=[1.25e-01]
        5=[1.25e-01]   6=[1.25e-01]   7=[1.25e-01]
   Allowed maximum load imbalance: 1.001 

     16000      92000      92000 [20] [     1200:   16000 ]
      8371      67350      76742 [20] [     1200:   16000 ]
      4383      43828      64964 [20] [     1200:   16000 ]
      2296      26120      55448 [20] [     1200:   16000 ]
      1194      14656      46956 [20] [     1200:   16000 ]
       622       7840      39796 [20] [     1200:   16000 ]
       322       4070      33642 [20] [     1200:   16000 ]
       165       2004      28164 [20] [     1200:   16000 ]
        84        964      23324 [20] [     1200:   16000 ]
        44        460      19158 [20] [     1200:   16000 ]
        23        194      15168 [20] [     1200:   16000 ]
        20        158      14698 [20] [     1200:   16000 ]
      8000      45600      45600 [20] [      600:    8000 ]
      4184      33326      37968 [20] [      600:    8000 ]
      2197      21752      32068 [20] [      600:    8000 ]
      1150      12934      27282 [20] [      600:    8000 ]
       600       7210      23056 [20] [      600:    8000 ]
       311       3824      19526 [20] [      600:    8000 ]
       162       1958      16338 [20] [      600:    8000 ]
        85        946      13664 [20] [      600:    8000 ]
        45        444      11294 [20] [      600:    8000 ]
        23        196       9196 [20] [      600:    8000 ]
        18        146       8818 [20] [      600:    8000 ]
      4000      22400      22400 [20] [      300:    4000 ]
      2093      16284      18586 [20] [      300:    4000 ]
      1107      10502      15690 [20] [      300:    4000 ]
       579       6176      13280 [20] [      300:    4000 ]
       304       3402      11216 [20] [      300:    4000 ]
       160       1820       9480 [20] [      300:    4000 ]
        82        894       7844 [20] [      300:    4000 ]
        44        428       6404 [20] [      300:    4000 ]
        23        194       5200 [20] [      300:    4000 ]
        19        154       4984 [20] [      300:    4000 ]
      4000      22400      22400 [20] [      300:    4000 ]
      2075      16156      18550 [20] [      300:    4000 ]
      1090      10468      15622 [20] [      300:    4000 ]
       569       6152      13204 [20] [      300:    4000 ]
       298       3344      11082 [20] [      300:    4000 ]
       158       1744       9250 [20] [      300:    4000 ]
        83        866       7756 [20] [      300:    4000 ]
        42        400       6304 [20] [      300:    4000 ]
        22        174       5006 [20] [      300:    4000 ]
        20        158       4924 [20] [      300:    4000 ]
      8000      45600      45600 [20] [      600:    8000 ]
      4178      33488      37956 [20] [      600:    8000 ]
      2193      21784      32140 [20] [      600:    8000 ]
      1156      13020      27366 [20] [      600:    8000 ]
       606       7196      23128 [20] [      600:    8000 ]
       315       3854      19570 [20] [      600:    8000 ]
       164       1956      16492 [20] [      600:    8000 ]
        88        966      13728 [20] [      600:    8000 ]
        47        466      11432 [20] [      600:    8000 ]
        25        216       9502 [20] [      600:    8000 ]
        18        146       8530 [20] [      600:    8000 ]
      4000      22400      22400 [20] [      300:    4000 ]
      2097      16334      18594 [20] [      300:    4000 ]
      1102      10550      15654 [20] [      300:    4000 ]
       579       6206      13268 [20] [      300:    4000 ]
       301       3432      11202 [20] [      300:    4000 ]
       160       1846       9434 [20] [      300:    4000 ]
        84        922       7848 [20] [      300:    4000 ]
        43        444       6554 [20] [      300:    4000 ]
        23        212       5480 [20] [      300:    4000 ]
        19        166       5326 [20] [      300:    4000 ]
      4000      22400      22400 [20] [      300:    4000 ]
      2093      16270      18586 [20] [      300:    4000 ]
      1102      10662      15666 [20] [      300:    4000 ]
       577       6278      13340 [20] [      300:    4000 ]
       300       3406      11242 [20] [      300:    4000 ]
       158       1814       9470 [20] [      300:    4000 ]
        82        914       7876 [20] [      300:    4000 ]
        42        432       6430 [20] [      300:    4000 ]
        22        198       5252 [20] [      300:    4000 ]
        19        166       5070 [20] [      300:    4000 ]

Timing Information -------------------------------------------------
 Multilevel: 		   0.051
     Coarsening: 		   0.027
            Matching: 			   0.006
            Contract: 			   0.020
     Initial Partition: 	   0.001
     Uncoarsening: 		   0.023
          Refinement: 			   0.017
          Projection: 			   0.006
     Splitting: 		   0.000
********************************************************************

 gk_mcore statistics
           coresize:       192552         nmops:         2048  cmop:      0
        num_callocs:          741   num_hallocs:            0
       size_callocs:      2736816  size_hallocs:            0
        cur_callocs:            0   cur_hallocs:            0
        max_callocs:       192016   max_hallocs:            0
 nbrpool statistics
        nbrpoolsize:            0   nbrpoolcpos:            0
    nbrpoolreallocs:            0

 Runtime parameters:
   Objective type: METIS_OBJTYPE_CUT
   Coarsening type: METIS_CTYPE_SHEM
   Initial partitioning type: METIS_IPTYPE_GROW
   Refinement type: METIS_RTYPE_FM
   Perform a 2-hop matching: No
   Number of balancing constraints: 1
   Number of refinement iterations: 10
   Random number seed: -1
   Number of partitions: 8
   Number of cuts: 1
   User-supplied ufactor: 1
   Target partition weights: 
        0=[1.25e-01]   1=[1.25e-01]   2=[1.25e-01]   3=[1.25e-01]   4=[1.25e-01]
        5=[1.25e-01]   6=[1.25e-01]   7=[1.25e-01]
   Allowed maximum load imbalance: 1.001 

       800       3840       3840 [20] [       60:     800 ]
       420       2660       3080 [20] [       60:     800 ]
       220       1594       2488 [20] [       60:     800 ]
       116        830       2020 [20] [       60:     800 ]
        63        396       1612 [20] [       60:     800 ]
        33        174       1166 [20] [       60:     800 ]
        19         84        888 [20] [       60:     800 ]
       400       1876       1876 [20] [       30:     400 ]
       212       1294       1500 [20] [       30:     400 ]
       113        784       1212 [20] [       30:     400 ]
        61        410        968 [20] [       30:     400 ]
        32        190        728 [20] [       30:     400 ]
        18         84        554 [20] [       30:     400 ]
       200        916        916 [20] [       15:     200 ]
       105        622        726 [20] [       15:     200 ]
        55        344        580 [20] [       15:     200 ]
        29        172        448 [20] [       15:     200 ]
        19        104        382 [20] [       15:     200 ]
       200        912        912 [20] [       15:     200 ]
       104        610        720 [20] [       15:     200 ]
        55        344        574 [20] [       15:     200 ]
        29        168        444 [20] [       15:     200 ]
        16         82        344 [20] [       15:     200 ]
       400       1872       1872 [20] [       30:     400 ]
       211       1294       1494 [20] [       30:     400 ]
       115        816       1220 [20] [       30:     400 ]
        60        414        976 [20] [       30:     400 ]
        33        188        768 [20] [       30:     400 ]
        17         76        532 [20] [       30:     400 ]
       200        916        916 [20] [       15:     200 ]
       106        626        728 [20] [       15:     200 ]
        56        370        584 [20] [       15:     200 ]
        30        182        458 [20] [       15:     200 ]
        17         94        350 [20] [       15:     200 ]
       200        916        916 [20] [       15:     200 ]
       104        612        724 [20] [       15:     200 ]
        56        372        582 [20] [       15:     200 ]
        29        168        468 [20] [       15:     200 ]
        18         90        382 [20] [       15:     200 ]

Timing Information -------------------------------------------------
 Multilevel: 		   0.005
     Coarsening: 		   0.002
            Matching: 			   0.001
            Contract: 			   0.001
     Initial Partition: 	   0.001
     Uncoarsening: 		   0.002
          Refinement: 			   0.001
          Projection: 			   0.001
     Splitting: 		   0.000
********************************************************************

 gk_mcore statistics
           coresize:        10152         nmops:         2048  cmop:      0
        num_callocs:          430   num_hallocs:            0
       size_callocs:       148168  size_hallocs:            0
        cur_callocs:            0   cur_hallocs:            0
        max_callocs:         9616   max_hallocs:            0
 nbrpool statistics
        nbrpoolsize:            0   nbrpoolcpos:            0
    nbrpoolreallocs:            0

18 MBytes of RAM taken by the calculation.

--------------------------------------------
clock: Total execution: 0.473079 s
