-------------------------------------------------------------------
 
                          TRUST
                      version : 1.7.6 
                          CEA - DEN
 

 0 file(s) modified 


 405 file(s) created 

 ------------------------------------------------------------------
 
  Vous traitez le cas DEC_VEF_LES
 
Reading data file 

13 MBytes of RAM taken by the calculation.
26 MBytes of RAM taken by the calculation.
26 MBytes of RAM taken by the calculation.
27 MBytes of RAM taken by the calculation.
28 MBytes of RAM taken by the calculation.
28 MBytes of RAM taken by the calculation.
 Runtime parameters:
   Objective type: METIS_OBJTYPE_CUT
   Coarsening type: METIS_CTYPE_SHEM
   Initial partitioning type: METIS_IPTYPE_GROW
   Refinement type: METIS_RTYPE_FM
   Perform a 2-hop matching: No
   Number of balancing constraints: 1
   Number of refinement iterations: 10
   Random number seed: -1
   Number of partitions: 8
   Number of cuts: 1
   User-supplied ufactor: 1
   Target partition weights: 
        0=[1.25e-01]   1=[1.25e-01]   2=[1.25e-01]   3=[1.25e-01]   4=[1.25e-01]
        5=[1.25e-01]   6=[1.25e-01]   7=[1.25e-01]
   Allowed maximum load imbalance: 1.001 

     74816     297924     297924 [20] [     5611:   74816 ]
     37889     218168     224070 [20] [     5611:   74816 ]
     20263     119380     185958 [20] [     5611:   74816 ]
     10881      77312     141294 [20] [     5611:   74816 ]
      5827      45340     113080 [20] [     5611:   74816 ]
      3140      24418      89716 [20] [     5611:   74816 ]
      1685      12996      67490 [20] [     5611:   74816 ]
       906       7564      50388 [20] [     5611:   74816 ]
       480       4626      38922 [20] [     5611:   74816 ]
       253       2648      31562 [20] [     5611:   74816 ]
       132       1426      25812 [20] [     5611:   74816 ]
        68        698      21290 [20] [     5611:   74816 ]
        35        308      16902 [20] [     5611:   74816 ]
        19        148      13894 [20] [     5611:   74816 ]
     37408     148768     148768 [20] [     2805:   37408 ]
     19007     108514     111966 [20] [     2805:   37408 ]
     10176      59274      92646 [20] [     2805:   37408 ]
      5483      38394      70254 [20] [     2805:   37408 ]
      2926      22250      55900 [20] [     2805:   37408 ]
      1570      11854      44068 [20] [     2805:   37408 ]
       843       6340      32656 [20] [     2805:   37408 ]
       451       3666      24084 [20] [     2805:   37408 ]
       235       2182      18726 [20] [     2805:   37408 ]
       122       1226      14796 [20] [     2805:   37408 ]
        63        636      11986 [20] [     2805:   37408 ]
        33        310       9790 [20] [     2805:   37408 ]
        17        134       7740 [20] [     2805:   37408 ]
     18705      74256      74256 [20] [     1402:   18705 ]
      9535      53748      55916 [20] [     1402:   18705 ]
      5115      29274      46006 [20] [     1402:   18705 ]
      2747      18968      34594 [20] [     1402:   18705 ]
      1469      10926      27544 [20] [     1402:   18705 ]
       795       5830      21658 [20] [     1402:   18705 ]
       430       3124      16178 [20] [     1402:   18705 ]
       231       1812      11926 [20] [     1402:   18705 ]
       123       1076       9322 [20] [     1402:   18705 ]
        64        578       7442 [20] [     1402:   18705 ]
        35        312       6028 [20] [     1402:   18705 ]
        18        140       4736 [20] [     1402:   18705 ]
     18703      74224      74224 [20] [     1402:   18703 ]
      9531      53672      55880 [20] [     1402:   18703 ]
      5091      29156      45904 [20] [     1402:   18703 ]
      2739      18956      34412 [20] [     1402:   18703 ]
      1464      10990      27412 [20] [     1402:   18703 ]
       793       5776      21496 [20] [     1402:   18703 ]
       423       3052      15916 [20] [     1402:   18703 ]
       227       1780      11644 [20] [     1402:   18703 ]
       123       1062       8876 [20] [     1402:   18703 ]
        64        554       6912 [20] [     1402:   18703 ]
        35        282       5614 [20] [     1402:   18703 ]
        18        124       4516 [20] [     1402:   18703 ]
     37408     148740     148740 [20] [     2805:   37408 ]
     19001     108356     111926 [20] [     2805:   37408 ]
     10181      59214      92594 [20] [     2805:   37408 ]
      5466      38244      70070 [20] [     2805:   37408 ]
      2922      22228      55752 [20] [     2805:   37408 ]
      1573      11836      43880 [20] [     2805:   37408 ]
       837       6214      32796 [20] [     2805:   37408 ]
       443       3588      24516 [20] [     2805:   37408 ]
       236       2158      18790 [20] [     2805:   37408 ]
       124       1206      15262 [20] [     2805:   37408 ]
        65        650      12236 [20] [     2805:   37408 ]
        33        290      10020 [20] [     2805:   37408 ]
        17        124       7852 [20] [     2805:   37408 ]
     18704      74230      74230 [20] [     1402:   18704 ]
      9540      53754      55902 [20] [     1402:   18704 ]
      5117      29196      46036 [20] [     1402:   18704 ]
      2761      18900      34708 [20] [     1402:   18704 ]
      1474      10910      27576 [20] [     1402:   18704 ]
       787       5742      21582 [20] [     1402:   18704 ]
       422       3000      16038 [20] [     1402:   18704 ]
       229       1742      11840 [20] [     1402:   18704 ]
       125       1060       9074 [20] [     1402:   18704 ]
        66        602       7198 [20] [     1402:   18704 ]
        34        316       5836 [20] [     1402:   18704 ]
        18        140       4648 [20] [     1402:   18704 ]
     18704      74174      74174 [20] [     1402:   18704 ]
      9562      53556      55890 [20] [     1402:   18704 ]
      5103      29002      45834 [20] [     1402:   18704 ]
      2741      18720      34426 [20] [     1402:   18704 ]
      1461      10788      27348 [20] [     1402:   18704 ]
       775       5676      21304 [20] [     1402:   18704 ]
       419       3034      15928 [20] [     1402:   18704 ]
       227       1686      11544 [20] [     1402:   18704 ]
       122       1002       8826 [20] [     1402:   18704 ]
        64        532       7056 [20] [     1402:   18704 ]
        33        264       5540 [20] [     1402:   18704 ]
        18        128       4292 [20] [     1402:   18704 ]

Timing Information -------------------------------------------------
 Multilevel: 		   0.206
     Coarsening: 		   0.143
            Matching: 			   0.061
            Contract: 			   0.070
     Initial Partition: 	   0.001
     Uncoarsening: 		   0.046
          Refinement: 			   0.025
          Projection: 			   0.020
     Splitting: 		   0.013
********************************************************************

 gk_mcore statistics
           coresize:       898344         nmops:         2048  cmop:      0
        num_callocs:          865   num_hallocs:            0
       size_callocs:     12293088  size_hallocs:            0
        cur_callocs:            0   cur_hallocs:            0
        max_callocs:       897808   max_hallocs:            0
 nbrpool statistics
        nbrpoolsize:            0   nbrpoolcpos:            0
    nbrpoolreallocs:            0

67 MBytes of RAM taken by the calculation.

--------------------------------------------
clock: Total execution: 8.62386 s
