-------------------------------------------------------------------
 
                          TRUST
                      version : 1.7.6 
                          CEA - DEN
 

 0 file(s) modified 


 405 file(s) created 

 ------------------------------------------------------------------
 
  Vous traitez le cas DEC_VDF_FT
 
Reading data file 

14 MBytes of RAM taken by the calculation.
15 MBytes of RAM taken by the calculation.
16 MBytes of RAM taken by the calculation.
16 MBytes of RAM taken by the calculation.
 Runtime parameters:
   Objective type: METIS_OBJTYPE_CUT
   Coarsening type: METIS_CTYPE_SHEM
   Initial partitioning type: METIS_IPTYPE_GROW
   Refinement type: METIS_RTYPE_FM
   Perform a 2-hop matching: No
   Number of balancing constraints: 1
   Number of refinement iterations: 10
   Random number seed: -1
   Number of partitions: 2
   Number of cuts: 1
   User-supplied ufactor: 1
   Target partition weights: 
        0=[5.00e-01]   1=[5.00e-01]
   Allowed maximum load imbalance: 1.001 

     16000      92000      92000 [20] [     1200:   16000 ]
      8371      67350      76742 [20] [     1200:   16000 ]
      4383      43828      64964 [20] [     1200:   16000 ]
      2296      26120      55448 [20] [     1200:   16000 ]
      1194      14656      46956 [20] [     1200:   16000 ]
       622       7840      39796 [20] [     1200:   16000 ]
       322       4070      33642 [20] [     1200:   16000 ]
       165       2004      28164 [20] [     1200:   16000 ]
        84        964      23324 [20] [     1200:   16000 ]
        44        460      19158 [20] [     1200:   16000 ]
        23        194      15168 [20] [     1200:   16000 ]
        20        158      14698 [20] [     1200:   16000 ]

Timing Information -------------------------------------------------
 Multilevel: 		   0.012
     Coarsening: 		   0.009
            Matching: 			   0.000
            Contract: 			   0.008
     Initial Partition: 	   0.000
     Uncoarsening: 		   0.003
          Refinement: 			   0.002
          Projection: 			   0.002
     Splitting: 		   0.000
********************************************************************

 gk_mcore statistics
           coresize:       192192         nmops:         2048  cmop:      0
        num_callocs:          118   num_hallocs:            0
       size_callocs:       847768  size_hallocs:            0
        cur_callocs:            0   cur_hallocs:            0
        max_callocs:       192016   max_hallocs:            0
 nbrpool statistics
        nbrpoolsize:            0   nbrpoolcpos:            0
    nbrpoolreallocs:            0

 Runtime parameters:
   Objective type: METIS_OBJTYPE_CUT
   Coarsening type: METIS_CTYPE_SHEM
   Initial partitioning type: METIS_IPTYPE_GROW
   Refinement type: METIS_RTYPE_FM
   Perform a 2-hop matching: No
   Number of balancing constraints: 1
   Number of refinement iterations: 10
   Random number seed: -1
   Number of partitions: 2
   Number of cuts: 1
   User-supplied ufactor: 1
   Target partition weights: 
        0=[5.00e-01]   1=[5.00e-01]
   Allowed maximum load imbalance: 1.001 

       800       3840       3840 [20] [       60:     800 ]
       420       2660       3080 [20] [       60:     800 ]
       220       1594       2488 [20] [       60:     800 ]
       116        830       2020 [20] [       60:     800 ]
        63        396       1612 [20] [       60:     800 ]
        33        174       1166 [20] [       60:     800 ]
        19         84        888 [20] [       60:     800 ]

Timing Information -------------------------------------------------
 Multilevel: 		   0.000
     Coarsening: 		   0.000
            Matching: 			   0.000
            Contract: 			   0.000
     Initial Partition: 	   0.000
     Uncoarsening: 		   0.000
          Refinement: 			   0.000
          Projection: 			   0.000
     Splitting: 		   0.000
********************************************************************

 gk_mcore statistics
           coresize:         9792         nmops:         2048  cmop:      0
        num_callocs:           73   num_hallocs:            0
       size_callocs:        45224  size_hallocs:            0
        cur_callocs:            0   cur_hallocs:            0
        max_callocs:         9616   max_hallocs:            0
 nbrpool statistics
        nbrpoolsize:            0   nbrpoolcpos:            0
    nbrpoolreallocs:            0

18 MBytes of RAM taken by the calculation.

--------------------------------------------
clock: Total execution: 0.246051 s
