-------------------------------------------------------------------
 
                          TRUST
                      version : 1.7.6 
                          CEA - DEN
 

 0 file(s) modified 


 405 file(s) created 

 ------------------------------------------------------------------
 
  Vous traitez le cas DEC_VEF
 
Reading data file 

14 MBytes of RAM taken by the calculation.
14 MBytes of RAM taken by the calculation.
14 MBytes of RAM taken by the calculation.
14 MBytes of RAM taken by the calculation.
 Runtime parameters:
   Objective type: METIS_OBJTYPE_CUT
   Coarsening type: METIS_CTYPE_SHEM
   Initial partitioning type: METIS_IPTYPE_GROW
   Refinement type: METIS_RTYPE_FM
   Perform a 2-hop matching: No
   Number of balancing constraints: 1
   Number of refinement iterations: 10
   Random number seed: -1
   Number of partitions: 8
   Number of cuts: 1
   User-supplied ufactor: 1
   Target partition weights: 
        0=[1.25e-01]   1=[1.25e-01]   2=[1.25e-01]   3=[1.25e-01]   4=[1.25e-01]
        5=[1.25e-01]   6=[1.25e-01]   7=[1.25e-01]
   Allowed maximum load imbalance: 1.001 

      3672      13800      13800 [20] [      275:    3672 ]
      1836       7636      10128 [20] [      275:    3672 ]
       918       4368       6456 [20] [      275:    3672 ]
       497       2832       4114 [20] [      275:    3672 ]
       267       1672       3180 [20] [      275:    3672 ]
       145       1022       2482 [20] [      275:    3672 ]
        76        596       1932 [20] [      275:    3672 ]
        40        298       1574 [20] [      275:    3672 ]
        21        136       1286 [20] [      275:    3672 ]
        19        116       1244 [20] [      275:    3672 ]
      1836       6826       6826 [20] [      137:    1836 ]
       918       3704       4990 [20] [      137:    1836 ]
       459       2134       3154 [20] [      137:    1836 ]
       250       1382       1992 [20] [      137:    1836 ]
       136        796       1548 [20] [      137:    1836 ]
        74        484       1180 [20] [      137:    1836 ]
        40        286        942 [20] [      137:    1836 ]
        22        140        740 [20] [      137:    1836 ]
        18        116        718 [20] [      137:    1836 ]
       916       3346       3346 [20] [       68:     916 ]
       458       1800       2430 [20] [       68:     916 ]
       229       1010       1514 [20] [       68:     916 ]
       121        622        926 [20] [       68:     916 ]
        65        348        708 [20] [       68:     916 ]
        37        222        528 [20] [       68:     916 ]
        20        114        420 [20] [       68:     916 ]
       920       3400       3400 [20] [       69:     920 ]
       460       1856       2480 [20] [       69:     920 ]
       230       1056       1560 [20] [       69:     920 ]
       127        704        958 [20] [       69:     920 ]
        70        400        740 [20] [       69:     920 ]
        38        238        562 [20] [       69:     920 ]
        20        132        420 [20] [       69:     920 ]
      1836       6874       6874 [20] [      137:    1836 ]
       918       3792       5038 [20] [      137:    1836 ]
       459       2146       3202 [20] [      137:    1836 ]
       245       1384       1988 [20] [      137:    1836 ]
       133        790       1570 [20] [      137:    1836 ]
        71        484       1182 [20] [      137:    1836 ]
        40        294        938 [20] [      137:    1836 ]
        21        152        748 [20] [      137:    1836 ]
        18        124        722 [20] [      137:    1836 ]
       918       3404       3404 [20] [       68:     918 ]
       459       1836       2486 [20] [       68:     918 ]
       230       1038       1572 [20] [       68:     918 ]
       125        674        964 [20] [       68:     918 ]
        69        390        750 [20] [       68:     918 ]
        36        222        574 [20] [       68:     918 ]
        20        136        442 [20] [       68:     918 ]
       918       3390       3390 [20] [       68:     918 ]
       459       1846       2472 [20] [       68:     918 ]
       230       1066       1558 [20] [       68:     918 ]
       123        630       1030 [20] [       68:     918 ]
        66        376        750 [20] [       68:     918 ]
        36        234        570 [20] [       68:     918 ]
        19        126        430 [20] [       68:     918 ]

Timing Information -------------------------------------------------
 Multilevel: 		   0.012
     Coarsening: 		   0.007
            Matching: 			   0.001
            Contract: 			   0.004
     Initial Partition: 	   0.001
     Uncoarsening: 		   0.003
          Refinement: 			   0.002
          Projection: 			   0.001
     Splitting: 		   0.000
********************************************************************

 gk_mcore statistics
           coresize:        44616         nmops:         2048  cmop:      0
        num_callocs:          597   num_hallocs:            0
       size_callocs:       628968  size_hallocs:            0
        cur_callocs:            0   cur_hallocs:            0
        max_callocs:        44080   max_hallocs:            0
 nbrpool statistics
        nbrpoolsize:            0   nbrpoolcpos:            0
    nbrpoolreallocs:            0

 Runtime parameters:
   Objective type: METIS_OBJTYPE_CUT
   Coarsening type: METIS_CTYPE_SHEM
   Initial partitioning type: METIS_IPTYPE_GROW
   Refinement type: METIS_RTYPE_FM
   Perform a 2-hop matching: No
   Number of balancing constraints: 1
   Number of refinement iterations: 10
   Random number seed: -1
   Number of partitions: 8
   Number of cuts: 1
   User-supplied ufactor: 1
   Target partition weights: 
        0=[1.25e-01]   1=[1.25e-01]   2=[1.25e-01]   3=[1.25e-01]   4=[1.25e-01]
        5=[1.25e-01]   6=[1.25e-01]   7=[1.25e-01]
   Allowed maximum load imbalance: 1.001 

      3528      13384      13384 [20] [      264:    3528 ]
      1764       7372       9856 [20] [      264:    3528 ]
       882       4228       6328 [20] [      264:    3528 ]
       469       2766       3966 [20] [      264:    3528 ]
       252       1650       3112 [20] [      264:    3528 ]
       137       1032       2426 [20] [      264:    3528 ]
        74        622       1940 [20] [      264:    3528 ]
        39        322       1582 [20] [      264:    3528 ]
        21        150       1274 [20] [      264:    3528 ]
        18        126       1244 [20] [      264:    3528 ]
      1764       6598       6598 [20] [      132:    1764 ]
       882       3600       4834 [20] [      132:    1764 ]
       441       2038       3070 [20] [      132:    1764 ]
       234       1308       1888 [20] [      132:    1764 ]
       128        740       1498 [20] [      132:    1764 ]
        69        464       1134 [20] [      132:    1764 ]
        38        276        908 [20] [      132:    1764 ]
        20        140        710 [20] [      132:    1764 ]
       884       3264       3264 [20] [       66:     884 ]
       442       1762       2380 [20] [       66:     884 ]
       221        974       1496 [20] [       66:     884 ]
       118        628        894 [20] [       66:     884 ]
        62        364        680 [20] [       66:     884 ]
        33        214        510 [20] [       66:     884 ]
        18        116        398 [20] [       66:     884 ]
       880       3244       3244 [20] [       66:     880 ]
       440       1748       2364 [20] [       66:     880 ]
       220        974       1484 [20] [       66:     880 ]
       117        606        906 [20] [       66:     880 ]
        63        348        690 [20] [       66:     880 ]
        33        206        516 [20] [       66:     880 ]
        17        112        402 [20] [       66:     880 ]
      1764       6598       6598 [20] [      132:    1764 ]
       882       3612       4834 [20] [      132:    1764 ]
       441       2038       3070 [20] [      132:    1764 ]
       238       1296       1950 [20] [      132:    1764 ]
       129        736       1514 [20] [      132:    1764 ]
        71        462       1140 [20] [      132:    1764 ]
        37        270        894 [20] [      132:    1764 ]
        19        130        704 [20] [      132:    1764 ]
       882       3258       3258 [20] [       66:     882 ]
       441       1756       2376 [20] [       66:     882 ]
       221        986       1496 [20] [       66:     882 ]
       118        622        918 [20] [       66:     882 ]
        64        358        692 [20] [       66:     882 ]
        36        222        522 [20] [       66:     882 ]
        18        120        404 [20] [       66:     882 ]
       882       3256       3256 [20] [       66:     882 ]
       441       1754       2374 [20] [       66:     882 ]
       221        980       1498 [20] [       66:     882 ]
       119        624        930 [20] [       66:     882 ]
        64        344        716 [20] [       66:     882 ]
        36        220        518 [20] [       66:     882 ]
        20        132        396 [20] [       66:     882 ]

Timing Information -------------------------------------------------
 Multilevel: 		   0.014
     Coarsening: 		   0.007
            Matching: 			   0.003
            Contract: 			   0.004
     Initial Partition: 	   0.002
     Uncoarsening: 		   0.005
          Refinement: 			   0.003
          Projection: 			   0.001
     Splitting: 		   0.000
********************************************************************

 gk_mcore statistics
           coresize:        42888         nmops:         2048  cmop:      0
        num_callocs:          579   num_hallocs:            0
       size_callocs:       601752  size_hallocs:            0
        cur_callocs:            0   cur_hallocs:            0
        max_callocs:        42352   max_hallocs:            0
 nbrpool statistics
        nbrpoolsize:            0   nbrpoolcpos:            0
    nbrpoolreallocs:            0

15 MBytes of RAM taken by the calculation.

--------------------------------------------
clock: Total execution: 1.10877 s
