-------------------------------------------------------------------
 
                          TRUST
                      version : 1.7.6 
                          CEA - DEN
 

 0 file(s) modified 


 405 file(s) created 

 ------------------------------------------------------------------
 
  Vous traitez le cas DEC_VEF
 
Reading data file 

14 MBytes of RAM taken by the calculation.
14 MBytes of RAM taken by the calculation.
14 MBytes of RAM taken by the calculation.
14 MBytes of RAM taken by the calculation.
14 MBytes of RAM taken by the calculation.
15 MBytes of RAM taken by the calculation.
 Runtime parameters:
   Objective type: METIS_OBJTYPE_CUT
   Coarsening type: METIS_CTYPE_SHEM
   Initial partitioning type: METIS_IPTYPE_GROW
   Refinement type: METIS_RTYPE_FM
   Perform a 2-hop matching: No
   Number of balancing constraints: 1
   Number of refinement iterations: 10
   Random number seed: -1
   Number of partitions: 4
   Number of cuts: 1
   User-supplied ufactor: 1
   Target partition weights: 
        0=[2.50e-01]   1=[2.50e-01]   2=[2.50e-01]   3=[2.50e-01]
   Allowed maximum load imbalance: 1.001 

     14688      57864      57864 [20] [     1101:   14688 ]
      7573      40170      43634 [20] [     1101:   14688 ]
      4068      21546      34858 [20] [     1101:   14688 ]
      2190      13872      25616 [20] [     1101:   14688 ]
      1185       8510      20108 [20] [     1101:   14688 ]
       636       4874      15748 [20] [     1101:   14688 ]
       349       2764      12088 [20] [     1101:   14688 ]
       187       1518       9572 [20] [     1101:   14688 ]
        98        832       7538 [20] [     1101:   14688 ]
        52        422       6076 [20] [     1101:   14688 ]
        28        184       4820 [20] [     1101:   14688 ]
        19        120       4296 [20] [     1101:   14688 ]
      7345      28888      28888 [20] [      550:    7345 ]
      3813      20024      21824 [20] [      550:    7345 ]
      2056      10676      17384 [20] [      550:    7345 ]
      1110       6856      12800 [20] [      550:    7345 ]
       595       4160      10028 [20] [      550:    7345 ]
       321       2378       7758 [20] [      550:    7345 ]
       176       1344       5904 [20] [      550:    7345 ]
        95        734       4626 [20] [      550:    7345 ]
        51        392       3718 [20] [      550:    7345 ]
        29        210       3024 [20] [      550:    7345 ]
        17        118       2614 [20] [      550:    7345 ]
      7343      28850      28850 [20] [      550:    7343 ]
      3820      19770      21804 [20] [      550:    7343 ]
      2060      10570      17244 [20] [      550:    7343 ]
      1105       6762      12536 [20] [      550:    7343 ]
       597       4066       9776 [20] [      550:    7343 ]
       328       2332       7544 [20] [      550:    7343 ]
       183       1334       5794 [20] [      550:    7343 ]
        99        726       4514 [20] [      550:    7343 ]
        53        378       3438 [20] [      550:    7343 ]
        29        194       2662 [20] [      550:    7343 ]
        19        112       2350 [20] [      550:    7343 ]

Timing Information -------------------------------------------------
 Multilevel: 		   0.026
     Coarsening: 		   0.018
            Matching: 			   0.008
            Contract: 			   0.009
     Initial Partition: 	   0.000
     Uncoarsening: 		   0.007
          Refinement: 			   0.004
          Projection: 			   0.003
     Splitting: 		   0.001
********************************************************************

 gk_mcore statistics
           coresize:       176568         nmops:         2048  cmop:      0
        num_callocs:          347   num_hallocs:            0
       size_callocs:      1687104  size_hallocs:            0
        cur_callocs:            0   cur_hallocs:            0
        max_callocs:       176272   max_hallocs:            0
 nbrpool statistics
        nbrpoolsize:            0   nbrpoolcpos:            0
    nbrpoolreallocs:            0

 Runtime parameters:
   Objective type: METIS_OBJTYPE_CUT
   Coarsening type: METIS_CTYPE_SHEM
   Initial partitioning type: METIS_IPTYPE_GROW
   Refinement type: METIS_RTYPE_FM
   Perform a 2-hop matching: No
   Number of balancing constraints: 1
   Number of refinement iterations: 10
   Random number seed: -1
   Number of partitions: 4
   Number of cuts: 1
   User-supplied ufactor: 1
   Target partition weights: 
        0=[2.50e-01]   1=[2.50e-01]   2=[2.50e-01]   3=[2.50e-01]
   Allowed maximum load imbalance: 1.001 

     14112      55720      55720 [20] [     1058:   14112 ]
      7259      39186      42014 [20] [     1058:   14112 ]
      3899      21048      33824 [20] [     1058:   14112 ]
      2102      13540      25158 [20] [     1058:   14112 ]
      1123       8186      19788 [20] [     1058:   14112 ]
       609       4774      15504 [20] [     1058:   14112 ]
       323       2702      11878 [20] [     1058:   14112 ]
       171       1516       9328 [20] [     1058:   14112 ]
        91        828       7346 [20] [     1058:   14112 ]
        47        410       5930 [20] [     1058:   14112 ]
        25        202       4810 [20] [     1058:   14112 ]
        20        154       4550 [20] [     1058:   14112 ]
      7056      27746      27746 [20] [      529:    7056 ]
      3656      19230      20946 [20] [      529:    7056 ]
      1973      10342      16720 [20] [      529:    7056 ]
      1057       6608      12310 [20] [      529:    7056 ]
       577       3936       9690 [20] [      529:    7056 ]
       313       2266       7568 [20] [      529:    7056 ]
       170       1304       5758 [20] [      529:    7056 ]
        92        736       4520 [20] [      529:    7056 ]
        47        386       3504 [20] [      529:    7056 ]
        25        192       2756 [20] [      529:    7056 ]
        19        138       2534 [20] [      529:    7056 ]
      7056      27738      27738 [20] [      529:    7056 ]
      3671      19198      20968 [20] [      529:    7056 ]
      1974      10248      16662 [20] [      529:    7056 ]
      1069       6612      12192 [20] [      529:    7056 ]
       574       3900       9538 [20] [      529:    7056 ]
       313       2220       7344 [20] [      529:    7056 ]
       164       1218       5390 [20] [      529:    7056 ]
        88        668       4188 [20] [      529:    7056 ]
        48        372       3366 [20] [      529:    7056 ]
        26        196       2612 [20] [      529:    7056 ]
        19        134       2428 [20] [      529:    7056 ]

Timing Information -------------------------------------------------
 Multilevel: 		   0.024
     Coarsening: 		   0.015
            Matching: 			   0.007
            Contract: 			   0.007
     Initial Partition: 	   0.001
     Uncoarsening: 		   0.007
          Refinement: 			   0.004
          Projection: 			   0.003
     Splitting: 		   0.001
********************************************************************

 gk_mcore statistics
           coresize:       169656         nmops:         2048  cmop:      0
        num_callocs:          341   num_hallocs:            0
       size_callocs:      1615704  size_hallocs:            0
        cur_callocs:            0   cur_hallocs:            0
        max_callocs:       169360   max_hallocs:            0
 nbrpool statistics
        nbrpoolsize:            0   nbrpoolcpos:            0
    nbrpoolreallocs:            0

17 MBytes of RAM taken by the calculation.

--------------------------------------------
clock: Total execution: 6.55362 s
