-------------------------------------------------------------------
 
                          TRUST
                      version : 1.7.6 
                          CEA - DEN
 

 0 file(s) modified 


 405 file(s) created 

 ------------------------------------------------------------------
 
  Vous traitez le cas DEC_VEF_LES
 
Reading data file 

13 MBytes of RAM taken by the calculation.
26 MBytes of RAM taken by the calculation.
26 MBytes of RAM taken by the calculation.
27 MBytes of RAM taken by the calculation.
 Runtime parameters:
   Objective type: METIS_OBJTYPE_CUT
   Coarsening type: METIS_CTYPE_SHEM
   Initial partitioning type: METIS_IPTYPE_GROW
   Refinement type: METIS_RTYPE_FM
   Perform a 2-hop matching: No
   Number of balancing constraints: 1
   Number of refinement iterations: 10
   Random number seed: -1
   Number of partitions: 8
   Number of cuts: 1
   User-supplied ufactor: 1
   Target partition weights: 
        0=[1.25e-01]   1=[1.25e-01]   2=[1.25e-01]   3=[1.25e-01]   4=[1.25e-01]
        5=[1.25e-01]   6=[1.25e-01]   7=[1.25e-01]
   Allowed maximum load imbalance: 1.001 

     18704      73476      73476 [20] [     1402:   18704 ]
     10391      51118      56850 [20] [     1402:   18704 ]
      5688      30712      45056 [20] [     1402:   18704 ]
      3110      16892      34408 [20] [     1402:   18704 ]
      1691       9218      24710 [20] [     1402:   18704 ]
       908       5870      17614 [20] [     1402:   18704 ]
       482       3792      13260 [20] [     1402:   18704 ]
       256       2336      10472 [20] [     1402:   18704 ]
       137       1364       8524 [20] [     1402:   18704 ]
        72        714       6842 [20] [     1402:   18704 ]
        37        332       5464 [20] [     1402:   18704 ]
        20        152       4284 [20] [     1402:   18704 ]
      9352      36518      36518 [20] [      701:    9352 ]
      5177      25296      28168 [20] [      701:    9352 ]
      2863      15366      22364 [20] [      701:    9352 ]
      1559       8322      17030 [20] [      701:    9352 ]
       848       4492      12190 [20] [      701:    9352 ]
       456       2846       8590 [20] [      701:    9352 ]
       246       1868       6398 [20] [      701:    9352 ]
       131       1144       5034 [20] [      701:    9352 ]
        69        624       4018 [20] [      701:    9352 ]
        35        312       3254 [20] [      701:    9352 ]
        19        142       2584 [20] [      701:    9352 ]
      4676      18052      18052 [20] [      350:    4676 ]
      2604      12558      13908 [20] [      350:    4676 ]
      1432       7404      10958 [20] [      350:    4676 ]
       784       4000       8222 [20] [      350:    4676 ]
       435       2164       5938 [20] [      350:    4676 ]
       240       1350       4134 [20] [      350:    4676 ]
       129        856       3076 [20] [      350:    4676 ]
        69        518       2434 [20] [      350:    4676 ]
        37        276       1912 [20] [      350:    4676 ]
        19        128       1442 [20] [      350:    4676 ]
      4676      18114      18114 [20] [      350:    4676 ]
      2599      12472      13960 [20] [      350:    4676 ]
      1418       7382      10940 [20] [      350:    4676 ]
       771       3918       8296 [20] [      350:    4676 ]
       425       2126       5884 [20] [      350:    4676 ]
       229       1334       4146 [20] [      350:    4676 ]
       122        852       3068 [20] [      350:    4676 ]
        66        504       2378 [20] [      350:    4676 ]
        35        282       1904 [20] [      350:    4676 ]
        19        142       1476 [20] [      350:    4676 ]
      9352      36544      36544 [20] [      701:    9352 ]
      5204      25312      28248 [20] [      701:    9352 ]
      2856      15224      22402 [20] [      701:    9352 ]
      1547       8392      16980 [20] [      701:    9352 ]
       852       4550      12224 [20] [      701:    9352 ]
       460       2862       8710 [20] [      701:    9352 ]
       245       1846       6542 [20] [      701:    9352 ]
       130       1112       5244 [20] [      701:    9352 ]
        68        628       4172 [20] [      701:    9352 ]
        36        322       3396 [20] [      701:    9352 ]
        19        148       2716 [20] [      701:    9352 ]
      4676      18160      18160 [20] [      350:    4676 ]
      2589      12452      13986 [20] [      350:    4676 ]
      1405       7326      10974 [20] [      350:    4676 ]
       765       3990       8292 [20] [      350:    4676 ]
       413       2122       5904 [20] [      350:    4676 ]
       222       1354       4190 [20] [      350:    4676 ]
       119        854       3104 [20] [      350:    4676 ]
        65        512       2442 [20] [      350:    4676 ]
        35        278       1976 [20] [      350:    4676 ]
        20        150       1622 [20] [      350:    4676 ]
      4676      18146      18146 [20] [      350:    4676 ]
      2584      12478      13962 [20] [      350:    4676 ]
      1419       7456      11018 [20] [      350:    4676 ]
       777       4086       8368 [20] [      350:    4676 ]
       427       2250       6022 [20] [      350:    4676 ]
       232       1418       4252 [20] [      350:    4676 ]
       122        902       3226 [20] [      350:    4676 ]
        64        536       2532 [20] [      350:    4676 ]
        33        280       1956 [20] [      350:    4676 ]
        18        142       1598 [20] [      350:    4676 ]

Timing Information -------------------------------------------------
 Multilevel: 		   0.058
     Coarsening: 		   0.038
            Matching: 			   0.020
            Contract: 			   0.015
     Initial Partition: 	   0.001
     Uncoarsening: 		   0.015
          Refinement: 			   0.008
          Projection: 			   0.007
     Splitting: 		   0.003
********************************************************************

 gk_mcore statistics
           coresize:       225000         nmops:         2048  cmop:      0
        num_callocs:          790   num_hallocs:            1
       size_callocs:      3899744  size_hallocs:        74816
        cur_callocs:            0   cur_hallocs:            0
        max_callocs:       224472   max_hallocs:        74816
 nbrpool statistics
        nbrpoolsize:            0   nbrpoolcpos:            0
    nbrpoolreallocs:            0

28 MBytes of RAM taken by the calculation.

--------------------------------------------
clock: Total execution: 5.08593 s
