# Printing of the source term Puissance_Thermique_VEF_P1NC of the equation Conduction of the problem pb1
# Heat power release = Integral(P*dv) [W]
# Time 
1.000e-01 	 	5.100e+02
6.000e-01 	 	5.100e+02
2.000e-01 	 	5.100e+02
8.000e-01 	 	5.100e+02
3.000e-01 	 	5.100e+02
9.000e-01 	 	5.100e+02
4.000e-01 	 	5.100e+02
1.000e+00 	 	5.100e+02
5.000e-01 	 	5.100e+02
6.000e-01 	 	5.100e+02
7.000e-01 	 	5.100e+02
8.000e-01 	 	5.100e+02
9.000e-01 	 	5.100e+02
1.000e+00 	 	5.100e+02
