-------------------------------------------------------------------
 
                          TRUST
                      version : 1.7.6 
                          CEA - DEN
 

 0 file(s) modified 


 405 file(s) created 

 ------------------------------------------------------------------
 
  Vous traitez le cas DEC_VEF_LES
 
Reading data file 

13 MBytes of RAM taken by the calculation.
26 MBytes of RAM taken by the calculation.
26 MBytes of RAM taken by the calculation.
27 MBytes of RAM taken by the calculation.
 Runtime parameters:
   Objective type: METIS_OBJTYPE_CUT
   Coarsening type: METIS_CTYPE_SHEM
   Initial partitioning type: METIS_IPTYPE_GROW
   Refinement type: METIS_RTYPE_FM
   Perform a 2-hop matching: No
   Number of balancing constraints: 1
   Number of refinement iterations: 10
   Random number seed: -1
   Number of partitions: 4
   Number of cuts: 1
   User-supplied ufactor: 1
   Target partition weights: 
        0=[2.50e-01]   1=[2.50e-01]   2=[2.50e-01]   3=[2.50e-01]
   Allowed maximum load imbalance: 1.001 

     18704      73476      73476 [20] [     1402:   18704 ]
     10391      51118      56850 [20] [     1402:   18704 ]
      5688      30712      45056 [20] [     1402:   18704 ]
      3110      16892      34408 [20] [     1402:   18704 ]
      1691       9218      24710 [20] [     1402:   18704 ]
       908       5870      17614 [20] [     1402:   18704 ]
       482       3792      13260 [20] [     1402:   18704 ]
       256       2336      10472 [20] [     1402:   18704 ]
       137       1364       8524 [20] [     1402:   18704 ]
        72        714       6842 [20] [     1402:   18704 ]
        37        332       5464 [20] [     1402:   18704 ]
        20        152       4284 [20] [     1402:   18704 ]
      9352      36518      36518 [20] [      701:    9352 ]
      5177      25296      28168 [20] [      701:    9352 ]
      2863      15366      22364 [20] [      701:    9352 ]
      1559       8322      17030 [20] [      701:    9352 ]
       848       4492      12190 [20] [      701:    9352 ]
       456       2846       8590 [20] [      701:    9352 ]
       246       1868       6398 [20] [      701:    9352 ]
       131       1144       5034 [20] [      701:    9352 ]
        69        624       4018 [20] [      701:    9352 ]
        35        312       3254 [20] [      701:    9352 ]
        19        142       2584 [20] [      701:    9352 ]
      9352      36544      36544 [20] [      701:    9352 ]
      5198      25198      28236 [20] [      701:    9352 ]
      2860      15196      22374 [20] [      701:    9352 ]
      1556       8264      16932 [20] [      701:    9352 ]
       847       4404      12050 [20] [      701:    9352 ]
       460       2816       8442 [20] [      701:    9352 ]
       241       1844       6272 [20] [      701:    9352 ]
       127       1104       4890 [20] [      701:    9352 ]
        67        612       4002 [20] [      701:    9352 ]
        36        314       3304 [20] [      701:    9352 ]
        18        136       2718 [20] [      701:    9352 ]

Timing Information -------------------------------------------------
 Multilevel: 		   0.038
     Coarsening: 		   0.028
            Matching: 			   0.014
            Contract: 			   0.013
     Initial Partition: 	   0.001
     Uncoarsening: 		   0.008
          Refinement: 			   0.006
          Projection: 			   0.002
     Splitting: 		   0.001
********************************************************************

 gk_mcore statistics
           coresize:       224760         nmops:         2048  cmop:      0
        num_callocs:          356   num_hallocs:            1
       size_callocs:      2562832  size_hallocs:        74816
        cur_callocs:            0   cur_hallocs:            0
        max_callocs:       224472   max_hallocs:        74816
 nbrpool statistics
        nbrpoolsize:            0   nbrpoolcpos:            0
    nbrpoolreallocs:            0

28 MBytes of RAM taken by the calculation.

--------------------------------------------
clock: Total execution: 5.97867 s
